File not found: /usr/local/lib/code-server-4.103.2/lib/vscode/node_modules/vsda/rust/web/vsda_bg.wasm
File not found: /usr/local/lib/code-server-4.103.2/lib/vscode/node_modules/vsda/rust/web/vsda.js
[14:50:10] [172.16.8.129][b6732cff][ManagementConnection] Unknown reconnection token (seen before).
File not found: /usr/local/lib/code-server-4.103.2/lib/vscode/node_modules/vsda/rust/web/vsda_bg.wasm
File not found: /usr/local/lib/code-server-4.103.2/lib/vscode/node_modules/vsda/rust/web/vsda.js
[08:43:03] [172.16.7.65][b6007669][ManagementConnection] Unknown reconnection token (seen before).
File not found: /usr/local/lib/code-server-4.103.2/lib/vscode/node_modules/vsda/rust/web/vsda_bg.wasm
File not found: /usr/local/lib/code-server-4.103.2/lib/vscode/node_modules/vsda/rust/web/vsda.js
File not found: /usr/local/lib/code-server-4.103.2/lib/vscode/node_modules/vsda/rust/web/vsda_bg.wasm
File not found: /usr/local/lib/code-server-4.103.2/lib/vscode/node_modules/vsda/rust/web/vsda_bg.wasm
File not found: /usr/local/lib/code-server-4.103.2/lib/vscode/node_modules/vsda/rust/web/vsda.js
File not found: /usr/local/lib/code-server-4.103.2/lib/vscode/node_modules/vsda/rust/web/vsda_bg.wasm
[04:24:03] RequestStore#acceptReply was called without receiving a matching request 23
[04:24:03] RequestStore#acceptReply was called without receiving a matching request 24
[04:24:03] RequestStore#acceptReply was called without receiving a matching request 25
[04:24:03] RequestStore#acceptReply was called without receiving a matching request 26
[04:24:03] RequestStore#acceptReply was called without receiving a matching request 27
[04:24:03] RequestStore#acceptReply was called without receiving a matching request 28
[04:24:03] RequestStore#acceptReply was called without receiving a matching request 29
[04:24:03] RequestStore#acceptReply was called without receiving a matching request 30
[04:24:03] RequestStore#acceptReply was called without receiving a matching request 31
[04:24:03] RequestStore#acceptReply was called without receiving a matching request 32
[04:24:03] RequestStore#acceptReply was called without receiving a matching request 33
[04:24:06] RequestStore#acceptReply was called without receiving a matching request 34
[04:24:06] RequestStore#acceptReply was called without receiving a matching request 35
[04:24:06] RequestStore#acceptReply was called without receiving a matching request 36
[04:24:06] RequestStore#acceptReply was called without receiving a matching request 37
[04:24:06] RequestStore#acceptReply was called without receiving a matching request 38
[04:24:06] RequestStore#acceptReply was called without receiving a matching request 39
[04:24:06] RequestStore#acceptReply was called without receiving a matching request 40
[04:24:06] RequestStore#acceptReply was called without receiving a matching request 41
[04:24:06] RequestStore#acceptReply was called without receiving a matching request 42
[04:24:06] RequestStore#acceptReply was called without receiving a matching request 43
[04:24:06] RequestStore#acceptReply was called without receiving a matching request 44
[04:24:35] RequestStore#acceptReply was called without receiving a matching request 45
[04:24:35] RequestStore#acceptReply was called without receiving a matching request 46
[04:24:35] RequestStore#acceptReply was called without receiving a matching request 47
[04:24:35] RequestStore#acceptReply was called without receiving a matching request 48
[04:24:35] RequestStore#acceptReply was called without receiving a matching request 49
[04:24:35] RequestStore#acceptReply was called without receiving a matching request 50
[04:24:35] RequestStore#acceptReply was called without receiving a matching request 51
[04:24:35] RequestStore#acceptReply was called without receiving a matching request 52
[04:24:35] RequestStore#acceptReply was called without receiving a matching request 53
[04:24:35] RequestStore#acceptReply was called without receiving a matching request 54
[04:24:35] RequestStore#acceptReply was called without receiving a matching request 55
[04:35:17] RequestStore#acceptReply was called without receiving a matching request 56
[04:35:17] RequestStore#acceptReply was called without receiving a matching request 57
[04:35:17] RequestStore#acceptReply was called without receiving a matching request 58
[04:35:17] RequestStore#acceptReply was called without receiving a matching request 59
[04:35:17] RequestStore#acceptReply was called without receiving a matching request 60
[04:35:17] RequestStore#acceptReply was called without receiving a matching request 61
[04:35:17] RequestStore#acceptReply was called without receiving a matching request 62
[04:35:17] RequestStore#acceptReply was called without receiving a matching request 63
[04:35:17] RequestStore#acceptReply was called without receiving a matching request 64
[04:35:17] RequestStore#acceptReply was called without receiving a matching request 65
[04:35:17] RequestStore#acceptReply was called without receiving a matching request 66
[08:03:38] [172.16.2.193][94a84c34][ExtensionHostConnection] Unknown reconnection token (seen before).
[08:03:38] [172.16.2.193][0626097a][ExtensionHostConnection] Unknown reconnection token (seen before).
[08:03:44] RequestStore#acceptReply was called without receiving a matching request 67
[08:03:44] RequestStore#acceptReply was called without receiving a matching request 68
[08:03:44] RequestStore#acceptReply was called without receiving a matching request 69
[08:03:44] RequestStore#acceptReply was called without receiving a matching request 70
[08:03:44] RequestStore#acceptReply was called without receiving a matching request 71
[08:03:44] RequestStore#acceptReply was called without receiving a matching request 72
[08:03:44] RequestStore#acceptReply was called without receiving a matching request 73
[08:03:44] RequestStore#acceptReply was called without receiving a matching request 74
[08:03:44] RequestStore#acceptReply was called without receiving a matching request 75
[08:03:44] RequestStore#acceptReply was called without receiving a matching request 76
[08:03:44] RequestStore#acceptReply was called without receiving a matching request 77
[08:03:44] RequestStore#acceptReply was called without receiving a matching request 78
[08:03:44] RequestStore#acceptReply was called without receiving a matching request 79
[08:03:44] RequestStore#acceptReply was called without receiving a matching request 80
[08:03:44] RequestStore#acceptReply was called without receiving a matching request 81
[08:03:44] RequestStore#acceptReply was called without receiving a matching request 82
[08:03:44] RequestStore#acceptReply was called without receiving a matching request 83
[08:03:44] RequestStore#acceptReply was called without receiving a matching request 84
[08:03:44] RequestStore#acceptReply was called without receiving a matching request 85
[08:03:44] RequestStore#acceptReply was called without receiving a matching request 86
[08:03:44] RequestStore#acceptReply was called without receiving a matching request 87
[08:03:44] RequestStore#acceptReply was called without receiving a matching request 88
