2026-08-09 11:26:28.562 [info] Telemetry level is off
2026-08-09 11:26:28.562 [info] Experiments are disabled, only manually opted experiments are active.
2026-08-09 11:26:28.562 [warning] Dir "/voc/work/.pixi/envs" is not watchable (directory does not exist)
2026-08-09 11:26:28.562 [info] Starting Environment refresh
2026-08-09 11:26:28.562 [info] Searching for interpreters in posix paths locator
2026-08-09 11:26:28.562 [info] Searching for pyenv environments
2026-08-09 11:26:28.566 [info] Searching for conda environments
2026-08-09 11:26:28.566 [info] Searching for global virtual environments
2026-08-09 11:26:28.566 [info] Searching for custom virtual environments
2026-08-09 11:26:28.566 [info] Skipping ActivatedEnv Detection:  process.env.VSCODE_CLI !== '1'
2026-08-09 11:26:28.566 [info] Skipping ActivatedEnv Detection:  process.env.VSCODE_CLI !== '1'
2026-08-09 11:26:28.566 [info] Finished searching for custom virtual envs: 35 milliseconds
2026-08-09 11:26:28.566 [info] pyenv is not installed
2026-08-09 11:26:28.566 [info] Finished searching for pyenv environments: 37 milliseconds
2026-08-09 11:26:28.566 [info] > conda info --json
2026-08-09 11:26:28.566 [info] > hatch env show --json
2026-08-09 11:26:28.566 [info] cwd: .
2026-08-09 11:26:28.566 [info] > pyenv which python
2026-08-09 11:26:28.566 [info] cwd: .
2026-08-09 11:26:28.566 [info] Finished searching for global virtual envs: 76 milliseconds
2026-08-09 11:26:28.566 [info] Found: /bin/python --> /bin/python3.10
2026-08-09 11:26:28.566 [info] Found: /bin/python3 --> /bin/python3.10
2026-08-09 11:26:28.566 [info] Found: /bin/python3.10 --> /bin/python3.10
2026-08-09 11:26:28.566 [info] Found: /bin/python3.8 --> /bin/python3.8
2026-08-09 11:26:28.574 [info] Found: /usr/bin/python --> /usr/bin/python3.10
2026-08-09 11:26:28.575 [info] Found: /usr/bin/python3 --> /usr/bin/python3.10
2026-08-09 11:26:28.581 [info] Found: /usr/bin/python3.10 --> /usr/bin/python3.10
2026-08-09 11:26:28.581 [info] Found: /usr/bin/python3.8 --> /usr/bin/python3.8
2026-08-09 11:26:28.598 [info] > /bin/python -I /usr/local/lib/code-server-4.103.2/lib/vscode/extensions/ms-python.python-2025.12.0/python_files/get_output_via_markers.py /usr/local/lib/code-server-4.103.2/lib/vscode/extensions/ms-python.python-2025.12.0/python_files/interpreterInfo.py
2026-08-09 11:26:28.609 [info] > /bin/python3.8 -I /usr/local/lib/code-server-4.103.2/lib/vscode/extensions/ms-python.python-2025.12.0/python_files/get_output_via_markers.py /usr/local/lib/code-server-4.103.2/lib/vscode/extensions/ms-python.python-2025.12.0/python_files/interpreterInfo.py
2026-08-09 11:26:28.617 [info] Finished searching for interpreters in posix paths locator: 163 milliseconds
2026-08-09 11:26:28.624 [info] Environments refresh paths discovered (event): 171 milliseconds
2026-08-09 11:26:28.624 [info] Environments refresh paths discovered: 171 milliseconds
2026-08-09 11:26:28.638 [info] > /usr/bin/python -I /usr/local/lib/code-server-4.103.2/lib/vscode/extensions/ms-python.python-2025.12.0/python_files/get_output_via_markers.py /usr/local/lib/code-server-4.103.2/lib/vscode/extensions/ms-python.python-2025.12.0/python_files/interpreterInfo.py
2026-08-09 11:26:28.642 [info] > /usr/bin/python3.8 -I /usr/local/lib/code-server-4.103.2/lib/vscode/extensions/ms-python.python-2025.12.0/python_files/get_output_via_markers.py /usr/local/lib/code-server-4.103.2/lib/vscode/extensions/ms-python.python-2025.12.0/python_files/interpreterInfo.py
2026-08-09 11:26:28.665 [info] Environments refresh finished (event): 212 milliseconds
2026-08-09 11:26:28.671 [info] Environment refresh took 217 milliseconds
2026-08-09 11:26:28.678 [info] Python interpreter path: /bin/python
2026-08-09 11:26:29.578 [info] Starting Jedi language server for work.
