2026-08-16 04:24:06.046 [info] [main] Log level: Info
2026-08-16 04:24:06.046 [info] [main] Validating found git in: "git"
2026-08-16 04:24:06.046 [info] [main] Using git "2.25.1" from "git"
2026-08-16 04:24:06.046 [info] [Model][doInitialScan] Initial repository scan started
2026-08-16 04:24:06.046 [info] > git rev-parse --show-toplevel [30ms]
2026-08-16 04:24:06.046 [info] fatal: not a git repository (or any parent up to mount point /voc)
Stopping at filesystem boundary (GIT_DISCOVERY_ACROSS_FILESYSTEM not set).
2026-08-16 04:24:06.046 [info] > git rev-parse --show-toplevel [6ms]
2026-08-16 04:24:06.046 [info] fatal: not a git repository (or any parent up to mount point /voc)
Stopping at filesystem boundary (GIT_DISCOVERY_ACROSS_FILESYSTEM not set).
2026-08-16 04:24:06.046 [info] > git rev-parse --show-toplevel [5ms]
2026-08-16 04:24:06.046 [info] fatal: not a git repository (or any parent up to mount point /voc)
Stopping at filesystem boundary (GIT_DISCOVERY_ACROSS_FILESYSTEM not set).
2026-08-16 04:24:06.046 [info] > git rev-parse --show-toplevel [2ms]
2026-08-16 04:24:06.046 [info] fatal: not a git repository (or any parent up to mount point /voc)
Stopping at filesystem boundary (GIT_DISCOVERY_ACROSS_FILESYSTEM not set).
2026-08-16 04:24:06.046 [info] > git rev-parse --show-toplevel [2ms]
2026-08-16 04:24:06.046 [info] fatal: not a git repository (or any parent up to mount point /voc)
Stopping at filesystem boundary (GIT_DISCOVERY_ACROSS_FILESYSTEM not set).
2026-08-16 04:24:06.049 [info] > git rev-parse --show-toplevel [2ms]
2026-08-16 04:24:06.051 [info] fatal: not a git repository (or any parent up to mount point /voc)
Stopping at filesystem boundary (GIT_DISCOVERY_ACROSS_FILESYSTEM not set).
2026-08-16 04:24:06.051 [info] > git rev-parse --show-toplevel [2ms]
2026-08-16 04:24:06.051 [info] fatal: not a git repository (or any parent up to mount point /voc)
Stopping at filesystem boundary (GIT_DISCOVERY_ACROSS_FILESYSTEM not set).
2026-08-16 04:24:06.051 [info] > git rev-parse --show-toplevel [1ms]
2026-08-16 04:24:06.051 [info] fatal: not a git repository (or any parent up to mount point /voc)
Stopping at filesystem boundary (GIT_DISCOVERY_ACROSS_FILESYSTEM not set).
2026-08-16 04:24:06.051 [info] > git rev-parse --show-toplevel [3ms]
2026-08-16 04:24:06.051 [info] fatal: not a git repository (or any parent up to mount point /voc)
Stopping at filesystem boundary (GIT_DISCOVERY_ACROSS_FILESYSTEM not set).
2026-08-16 04:24:06.051 [info] > git rev-parse --show-toplevel [3ms]
2026-08-16 04:24:06.051 [info] fatal: not a git repository (or any parent up to mount point /voc)
Stopping at filesystem boundary (GIT_DISCOVERY_ACROSS_FILESYSTEM not set).
2026-08-16 04:24:06.051 [info] > git rev-parse --show-toplevel [2ms]
2026-08-16 04:24:06.051 [info] fatal: not a git repository (or any parent up to mount point /voc)
Stopping at filesystem boundary (GIT_DISCOVERY_ACROSS_FILESYSTEM not set).
2026-08-16 04:24:06.051 [info] > git rev-parse --show-toplevel [2ms]
2026-08-16 04:24:06.051 [info] fatal: not a git repository (or any parent up to mount point /voc)
Stopping at filesystem boundary (GIT_DISCOVERY_ACROSS_FILESYSTEM not set).
2026-08-16 04:24:06.051 [info] [Model][doInitialScan] Initial repository scan completed - repositories (0), closed repositories (0), parent repositories (0), unsafe repositories (0)
2026-08-16 04:24:06.656 [info] > git rev-parse --show-toplevel [4ms]
2026-08-16 04:24:06.656 [info] fatal: not a git repository (or any parent up to mount point /voc)
Stopping at filesystem boundary (GIT_DISCOVERY_ACROSS_FILESYSTEM not set).
2026-08-16 04:24:08.253 [info] > git rev-parse --show-toplevel [2ms]
2026-08-16 04:24:08.253 [info] fatal: not a git repository (or any parent up to mount point /voc)
Stopping at filesystem boundary (GIT_DISCOVERY_ACROSS_FILESYSTEM not set).
2026-08-16 04:24:31.057 [info] > git rev-parse --show-toplevel [9ms]
2026-08-16 04:24:31.057 [info] fatal: not a git repository (or any parent up to mount point /voc)
Stopping at filesystem boundary (GIT_DISCOVERY_ACROSS_FILESYSTEM not set).
2026-08-16 04:27:44.067 [info] > git rev-parse --show-toplevel [4ms]
2026-08-16 04:27:44.068 [info] fatal: not a git repository (or any parent up to mount point /voc)
Stopping at filesystem boundary (GIT_DISCOVERY_ACROSS_FILESYSTEM not set).
2026-08-16 04:27:54.323 [info] > git rev-parse --show-toplevel [4ms]
2026-08-16 04:27:54.323 [info] fatal: not a git repository (or any parent up to mount point /voc)
Stopping at filesystem boundary (GIT_DISCOVERY_ACROSS_FILESYSTEM not set).
2026-08-16 04:28:00.618 [info] > git rev-parse --show-toplevel [12ms]
2026-08-16 04:28:00.618 [info] fatal: not a git repository (or any parent up to mount point /voc)
Stopping at filesystem boundary (GIT_DISCOVERY_ACROSS_FILESYSTEM not set).
2026-08-16 07:48:17.637 [info] > git rev-parse --show-toplevel [7ms]
2026-08-16 07:48:17.649 [info] > git rev-parse --git-dir --git-common-dir --show-superproject-working-tree [8ms]
2026-08-16 07:48:17.656 [info] [Model][openRepository] Opened repository (path): /voc/work
2026-08-16 07:48:17.656 [info] [Model][openRepository] Opened repository (real path): /voc/work
2026-08-16 07:48:17.656 [info] [Model][openRepository] Opened repository (kind): repository
2026-08-16 07:48:17.664 [info] [Git][getRemotes] No remotes found in the git config file
2026-08-16 07:48:17.667 [info] > git config --get commit.template [7ms]
2026-08-16 07:48:17.673 [info] > git for-each-ref --format=%(refname)%00%(upstream:short)%00%(objectname)%00%(upstream:track)%00%(upstream:remotename)%00%(upstream:remoteref) refs/heads/master refs/remotes/master [9ms]
2026-08-16 07:48:17.673 [warning] [Git][getBranch] No such branch: master
2026-08-16 07:48:17.691 [info] > git for-each-ref --sort -committerdate --format %(refname)%00%(objectname)%00%(*objectname) [10ms]
2026-08-16 07:48:17.878 [info] > git status -z -uall [199ms]
2026-08-16 07:48:17.896 [info] [Git][getRemotes] No remotes found in the git config file
2026-08-16 07:48:17.900 [info] > git for-each-ref --format=%(refname)%00%(upstream:short)%00%(objectname)%00%(upstream:track)%00%(upstream:remotename)%00%(upstream:remoteref) refs/heads/master refs/remotes/master [10ms]
2026-08-16 07:48:17.900 [warning] [Git][getBranch] No such branch: master
2026-08-16 07:48:17.901 [error] [GitHistoryProvider][resolveHEADMergeBase] Failed to resolve merge base for master: Error: No such branch: master.
2026-08-16 07:48:17.904 [info] > git config --get commit.template [11ms]
2026-08-16 07:48:17.907 [info] > git for-each-ref --format=%(refname)%00%(upstream:short)%00%(objectname)%00%(upstream:track)%00%(upstream:remotename)%00%(upstream:remoteref) refs/heads/master refs/remotes/master [11ms]
2026-08-16 07:48:17.907 [warning] [Git][getBranch] No such branch: master
2026-08-16 07:48:17.921 [info] > git for-each-ref --sort -committerdate --format %(refname)%00%(objectname)%00%(*objectname) [9ms]
2026-08-16 07:48:18.082 [info] > git status -z -uall [173ms]
2026-08-16 08:03:44.969 [info] [main] Log level: Info
2026-08-16 08:03:44.969 [info] [main] Validating found git in: "git"
2026-08-16 08:03:44.969 [info] [main] Using git "2.25.1" from "git"
2026-08-16 08:03:44.969 [info] [Model][doInitialScan] Initial repository scan started
2026-08-16 08:03:44.969 [info] > git rev-parse --show-toplevel [8ms]
2026-08-16 08:03:44.969 [info] > git rev-parse --git-dir --git-common-dir --show-superproject-working-tree [8ms]
2026-08-16 08:03:44.969 [info] [Model][openRepository] Opened repository (path): /voc/work
2026-08-16 08:03:44.969 [info] [Model][openRepository] Opened repository (real path): /voc/work
2026-08-16 08:03:44.969 [info] [Model][openRepository] Opened repository (kind): repository
2026-08-16 08:03:44.969 [info] > git rev-parse --show-toplevel [6ms]
2026-08-16 08:03:44.969 [info] > git config --get commit.template [8ms]
2026-08-16 08:03:44.969 [info] [Git][getRemotes] No remotes found in the git config file
2026-08-16 08:03:44.969 [info] > git rev-parse --show-toplevel [6ms]
2026-08-16 08:03:44.969 [info] > git for-each-ref --format=%(refname)%00%(upstream:short)%00%(objectname)%00%(upstream:track)%00%(upstream:remotename)%00%(upstream:remoteref) refs/heads/master refs/remotes/master [9ms]
2026-08-16 08:03:44.969 [warning] [Git][getBranch] No such branch: master
2026-08-16 08:03:44.969 [info] > git rev-parse --show-toplevel [9ms]
2026-08-16 08:03:44.969 [info] > git rev-parse --show-toplevel [9ms]
2026-08-16 08:03:44.969 [info] > git for-each-ref --sort -committerdate --format %(refname)%00%(objectname)%00%(*objectname) [12ms]
2026-08-16 08:03:44.969 [info] > git rev-parse --show-toplevel [6ms]
2026-08-16 08:03:44.969 [info] > git rev-parse --show-toplevel [6ms]
2026-08-16 08:03:44.969 [info] > git rev-parse --show-toplevel [7ms]
2026-08-16 08:03:44.969 [info] > git rev-parse --show-toplevel [52ms]
2026-08-16 08:03:44.969 [info] > git status -z -uall [1017ms]
2026-08-16 08:03:44.973 [info] > git rev-parse --show-toplevel [934ms]
2026-08-16 08:03:44.973 [info] > git for-each-ref --format=%(refname)%00%(upstream:short)%00%(objectname)%00%(upstream:track)%00%(upstream:remotename)%00%(upstream:remoteref) refs/heads/master refs/remotes/master [9ms]
2026-08-16 08:03:44.973 [warning] [Git][getBranch] No such branch: master
2026-08-16 08:03:44.973 [error] [GitHistoryProvider][resolveHEADMergeBase] Failed to resolve merge base for master: Error: No such branch: master.
2026-08-16 08:03:44.973 [info] > git config --get commit.template [6ms]
2026-08-16 08:03:44.973 [info] [Git][getRemotes] No remotes found in the git config file
2026-08-16 08:03:44.973 [info] > git rev-parse --show-toplevel [7ms]
2026-08-16 08:03:44.973 [info] > git for-each-ref --format=%(refname)%00%(upstream:short)%00%(objectname)%00%(upstream:track)%00%(upstream:remotename)%00%(upstream:remoteref) refs/heads/master refs/remotes/master [29ms]
2026-08-16 08:03:44.973 [warning] [Git][getBranch] No such branch: master
2026-08-16 08:03:44.973 [info] > git rev-parse --show-toplevel [12ms]
2026-08-16 08:03:44.977 [info] [Model][doInitialScan] Initial repository scan completed - repositories (1), closed repositories (0), parent repositories (0), unsafe repositories (0)
2026-08-16 08:03:44.980 [info] > git for-each-ref --sort -committerdate --format %(refname)%00%(objectname)%00%(*objectname) [13ms]
2026-08-16 08:03:45.265 [info] > git status -z -uall [300ms]
2026-08-16 08:03:45.495 [info] > git check-ignore -v -z --stdin [10ms]
2026-08-16 08:04:03.140 [info] [Git][getRemotes] No remotes found in the git config file
2026-08-16 08:04:03.147 [info] > git config --get commit.template [8ms]
2026-08-16 08:04:03.152 [info] > git for-each-ref --format=%(refname)%00%(upstream:short)%00%(objectname)%00%(upstream:track)%00%(upstream:remotename)%00%(upstream:remoteref) refs/heads/develop refs/remotes/develop [10ms]
2026-08-16 08:04:03.152 [warning] [Git][getBranch] No such branch: develop
2026-08-16 08:04:03.171 [info] > git for-each-ref --sort -committerdate --format %(refname)%00%(objectname)%00%(*objectname) [11ms]
2026-08-16 08:04:03.383 [info] > git status -z -uall [224ms]
2026-08-16 08:04:03.397 [info] [Git][getRemotes] No remotes found in the git config file
2026-08-16 08:04:03.401 [info] > git config --get commit.template [7ms]
2026-08-16 08:04:03.401 [info] > git for-each-ref --format=%(refname)%00%(upstream:short)%00%(objectname)%00%(upstream:track)%00%(upstream:remotename)%00%(upstream:remoteref) refs/heads/develop refs/remotes/develop [10ms]
2026-08-16 08:04:03.401 [warning] [Git][getBranch] No such branch: develop
2026-08-16 08:04:03.406 [error] [GitHistoryProvider][resolveHEADMergeBase] Failed to resolve merge base for develop: Error: No such branch: develop.
2026-08-16 08:04:03.410 [info] > git for-each-ref --format=%(refname)%00%(upstream:short)%00%(objectname)%00%(upstream:track)%00%(upstream:remotename)%00%(upstream:remoteref) refs/heads/develop refs/remotes/develop [13ms]
2026-08-16 08:04:03.410 [warning] [Git][getBranch] No such branch: develop
2026-08-16 08:04:03.430 [info] > git for-each-ref --sort -committerdate --format %(refname)%00%(objectname)%00%(*objectname) [11ms]
2026-08-16 08:04:03.581 [info] > git status -z -uall [164ms]
2026-08-16 08:04:08.589 [info] [Git][getRemotes] No remotes found in the git config file
2026-08-16 08:04:08.596 [info] > git config --get commit.template [8ms]
2026-08-16 08:04:08.601 [info] > git for-each-ref --format=%(refname)%00%(upstream:short)%00%(objectname)%00%(upstream:track)%00%(upstream:remotename)%00%(upstream:remoteref) refs/heads/develop refs/remotes/develop [11ms]
2026-08-16 08:04:08.601 [warning] [Git][getBranch] No such branch: develop
2026-08-16 08:04:08.621 [info] > git for-each-ref --sort -committerdate --format %(refname)%00%(objectname)%00%(*objectname) [12ms]
2026-08-16 08:04:08.817 [info] > git status -z -uall [210ms]
2026-08-16 08:04:31.360 [info] [Git][getRemotes] No remotes found in the git config file
2026-08-16 08:04:31.364 [info] > git config --get commit.template [6ms]
2026-08-16 08:04:31.370 [info] > git for-each-ref --format=%(refname)%00%(upstream:short)%00%(objectname)%00%(upstream:track)%00%(upstream:remotename)%00%(upstream:remoteref) refs/heads/develop refs/remotes/develop [10ms]
2026-08-16 08:04:31.370 [warning] [Git][getBranch] No such branch: develop
2026-08-16 08:04:31.387 [info] > git for-each-ref --sort -committerdate --format %(refname)%00%(objectname)%00%(*objectname) [10ms]
2026-08-16 08:04:31.579 [info] > git status -z -uall [203ms]
2026-08-16 08:05:09.367 [info] [Git][getRemotes] No remotes found in the git config file
2026-08-16 08:05:09.373 [info] > git config --get commit.template [7ms]
2026-08-16 08:05:09.377 [info] > git for-each-ref --format=%(refname)%00%(upstream:short)%00%(objectname)%00%(upstream:track)%00%(upstream:remotename)%00%(upstream:remoteref) refs/heads/develop refs/remotes/develop [8ms]
2026-08-16 08:05:09.378 [warning] [Git][getBranch] No such branch: develop
2026-08-16 08:05:09.394 [info] > git for-each-ref --sort -committerdate --format %(refname)%00%(objectname)%00%(*objectname) [9ms]
2026-08-16 08:05:09.586 [info] > git status -z -uall [202ms]
2026-08-16 08:05:15.218 [info] > git check-ignore -v -z --stdin [9ms]
2026-08-16 08:05:22.372 [info] [Git][getRemotes] No remotes found in the git config file
2026-08-16 08:05:22.376 [info] > git config --get commit.template [6ms]
2026-08-16 08:05:22.381 [info] > git for-each-ref --format=%(refname)%00%(upstream:short)%00%(objectname)%00%(upstream:track)%00%(upstream:remotename)%00%(upstream:remoteref) refs/heads/develop refs/remotes/develop [9ms]
2026-08-16 08:05:22.381 [warning] [Git][getBranch] No such branch: develop
2026-08-16 08:05:22.400 [info] > git for-each-ref --sort -committerdate --format %(refname)%00%(objectname)%00%(*objectname) [11ms]
2026-08-16 08:05:22.602 [info] > git status -z -uall [215ms]
2026-08-16 08:06:14.493 [info] [Git][getRemotes] No remotes found in the git config file
2026-08-16 08:06:14.497 [info] > git config --get commit.template [8ms]
2026-08-16 08:06:14.503 [info] > git for-each-ref --format=%(refname)%00%(upstream:short)%00%(objectname)%00%(upstream:track)%00%(upstream:remotename)%00%(upstream:remoteref) refs/heads/develop refs/remotes/develop [11ms]
2026-08-16 08:06:14.503 [warning] [Git][getBranch] No such branch: develop
2026-08-16 08:06:14.522 [info] > git for-each-ref --sort -committerdate --format %(refname)%00%(objectname)%00%(*objectname) [10ms]
2026-08-16 08:06:14.711 [info] > git status -z -uall [201ms]
2026-08-16 08:06:19.725 [info] [Git][getRemotes] No remotes found in the git config file
2026-08-16 08:06:19.729 [info] > git config --get commit.template [8ms]
2026-08-16 08:06:19.734 [info] > git for-each-ref --format=%(refname)%00%(upstream:short)%00%(objectname)%00%(upstream:track)%00%(upstream:remotename)%00%(upstream:remoteref) refs/heads/develop refs/remotes/develop [9ms]
2026-08-16 08:06:19.734 [warning] [Git][getBranch] No such branch: develop
2026-08-16 08:06:19.751 [info] > git for-each-ref --sort -committerdate --format %(refname)%00%(objectname)%00%(*objectname) [9ms]
2026-08-16 08:06:19.949 [info] > git status -z -uall [210ms]
2026-08-16 08:06:47.378 [info] [Git][getRemotes] No remotes found in the git config file
2026-08-16 08:06:47.384 [info] > git config --get commit.template [7ms]
2026-08-16 08:06:47.390 [info] > git for-each-ref --format=%(refname)%00%(upstream:short)%00%(objectname)%00%(upstream:track)%00%(upstream:remotename)%00%(upstream:remoteref) refs/heads/develop refs/remotes/develop [10ms]
2026-08-16 08:06:47.390 [warning] [Git][getBranch] No such branch: develop
2026-08-16 08:06:47.406 [info] > git for-each-ref --sort -committerdate --format %(refname)%00%(objectname)%00%(*objectname) [11ms]
2026-08-16 08:06:47.595 [info] > git status -z -uall [201ms]
2026-08-16 08:06:52.825 [info] > git check-ignore -v -z --stdin [10ms]
2026-08-16 08:06:53.232 [info] > git show --textconv :.gitignore [9ms]
2026-08-16 08:06:53.236 [info] > git ls-files --stage -- .gitignore [11ms]
2026-08-16 08:06:53.240 [info] > git hash-object -t tree /dev/null [6ms]
2026-08-16 08:06:53.240 [warning] [GitFileSystemProvider][readFile] File not found - git:/voc/work/.gitignore.git?%7B%22path%22%3A%22%2Fvoc%2Fwork%2F.gitignore%22%2C%22ref%22%3A%22%22%7D
2026-08-16 08:06:53.245 [info] > git hash-object -t tree /dev/null [7ms]
2026-08-16 08:06:53.248 [warning] [GitFileSystemProvider][stat] File not found - git:/voc/work/.gitignore.git?%7B%22path%22%3A%22%2Fvoc%2Fwork%2F.gitignore%22%2C%22ref%22%3A%22%22%7D
2026-08-16 08:07:17.080 [info] [Git][getRemotes] No remotes found in the git config file
2026-08-16 08:07:17.086 [info] > git config --get commit.template [7ms]
2026-08-16 08:07:17.091 [info] > git for-each-ref --format=%(refname)%00%(upstream:short)%00%(objectname)%00%(upstream:track)%00%(upstream:remotename)%00%(upstream:remoteref) refs/heads/develop refs/remotes/develop [9ms]
2026-08-16 08:07:17.091 [warning] [Git][getBranch] No such branch: develop
2026-08-16 08:07:17.106 [info] > git for-each-ref --sort -committerdate --format %(refname)%00%(objectname)%00%(*objectname) [8ms]
2026-08-16 08:07:17.318 [info] > git status -z -uall [222ms]
2026-08-16 08:07:22.469 [info] > git check-ignore -v -z --stdin [8ms]
2026-08-16 08:07:47.733 [info] [Git][getRemotes] No remotes found in the git config file
2026-08-16 08:07:47.737 [info] > git config --get commit.template [8ms]
2026-08-16 08:07:47.741 [info] > git for-each-ref --format=%(refname)%00%(upstream:short)%00%(objectname)%00%(upstream:track)%00%(upstream:remotename)%00%(upstream:remoteref) refs/heads/develop refs/remotes/develop [8ms]
2026-08-16 08:07:47.741 [warning] [Git][getBranch] No such branch: develop
2026-08-16 08:07:47.754 [info] > git for-each-ref --sort -committerdate --format %(refname)%00%(objectname)%00%(*objectname) [9ms]
2026-08-16 08:07:47.906 [info] > git status -z -uall [163ms]
2026-08-16 08:07:52.171 [info] > git check-ignore -v -z --stdin [10ms]
2026-08-16 08:07:52.915 [info] [Git][getRemotes] No remotes found in the git config file
2026-08-16 08:07:52.920 [info] > git config --get commit.template [6ms]
2026-08-16 08:07:52.925 [info] > git for-each-ref --format=%(refname)%00%(upstream:short)%00%(objectname)%00%(upstream:track)%00%(upstream:remotename)%00%(upstream:remoteref) refs/heads/develop refs/remotes/develop [8ms]
2026-08-16 08:07:52.925 [warning] [Git][getBranch] No such branch: develop
2026-08-16 08:07:52.938 [info] > git for-each-ref --sort -committerdate --format %(refname)%00%(objectname)%00%(*objectname) [9ms]
2026-08-16 08:07:52.992 [info] > git status -z -uall [65ms]
2026-08-16 08:08:05.383 [info] [Git][getRemotes] No remotes found in the git config file
2026-08-16 08:08:05.388 [info] > git config --get commit.template [6ms]
2026-08-16 08:08:05.393 [info] > git for-each-ref --format=%(refname)%00%(upstream:short)%00%(objectname)%00%(upstream:track)%00%(upstream:remotename)%00%(upstream:remoteref) refs/heads/develop refs/remotes/develop [9ms]
2026-08-16 08:08:05.393 [warning] [Git][getBranch] No such branch: develop
2026-08-16 08:08:05.405 [info] > git for-each-ref --sort -committerdate --format %(refname)%00%(objectname)%00%(*objectname) [8ms]
2026-08-16 08:08:05.456 [info] > git status -z -uall [61ms]
2026-08-16 08:08:14.197 [info] > git check-ignore -v -z --stdin [11ms]
2026-08-16 08:08:52.207 [info] > git check-ignore -v -z --stdin [12ms]
2026-08-16 08:08:53.907 [info] > git check-ignore -v -z --stdin [8ms]
2026-08-16 08:08:56.655 [info] > git check-ignore -v -z --stdin [8ms]
2026-08-16 08:09:00.262 [info] > git check-ignore -v -z --stdin [8ms]
2026-08-16 08:09:01.943 [info] > git check-ignore -v -z --stdin [8ms]
2026-08-16 08:09:10.639 [info] > git check-ignore -v -z --stdin [11ms]
2026-08-16 08:09:12.405 [info] > git check-ignore -v -z --stdin [8ms]
2026-08-16 08:09:14.923 [info] > git check-ignore -v -z --stdin [9ms]
2026-08-16 08:09:18.438 [info] > git check-ignore -v -z --stdin [8ms]
2026-08-16 08:09:20.875 [info] > git check-ignore -v -z --stdin [9ms]
2026-08-16 08:09:24.665 [info] > git check-ignore -v -z --stdin [8ms]
2026-08-16 08:09:28.363 [info] > git check-ignore -v -z --stdin [8ms]
2026-08-16 08:09:33.679 [info] > git check-ignore -v -z --stdin [10ms]
2026-08-16 08:09:43.212 [info] > git check-ignore -v -z --stdin [9ms]
2026-08-16 08:09:44.388 [info] > git check-ignore -v -z --stdin [8ms]
2026-08-16 08:09:53.709 [info] > git check-ignore -v -z --stdin [11ms]
2026-08-16 08:10:11.453 [info] > git check-ignore -v -z --stdin [9ms]
