2026-08-16 04:22:22.724 [info] Telemetry level is off
2026-08-16 04:22:22.724 [info] Experiments are disabled, only manually opted experiments are active.
2026-08-16 04:22:22.724 [warning] Dir "/voc/work/.pixi/envs" is not watchable (directory does not exist)
2026-08-16 04:22:22.727 [info] Starting Environment refresh
2026-08-16 04:22:22.728 [info] Searching for interpreters in posix paths locator
2026-08-16 04:22:22.728 [info] Searching for pyenv environments
2026-08-16 04:22:22.728 [info] Searching for conda environments
2026-08-16 04:22:22.728 [info] Searching for global virtual environments
2026-08-16 04:22:22.728 [info] Searching for custom virtual environments
2026-08-16 04:22:22.728 [info] Skipping ActivatedEnv Detection:  process.env.VSCODE_CLI !== '1'
2026-08-16 04:22:22.728 [info] Skipping ActivatedEnv Detection:  process.env.VSCODE_CLI !== '1'
2026-08-16 04:22:22.728 [info] pyenv is not installed
2026-08-16 04:22:22.728 [info] Finished searching for pyenv environments: 9 milliseconds
2026-08-16 04:22:22.728 [info] Finished searching for custom virtual envs: 8 milliseconds
2026-08-16 04:22:22.728 [info] > conda info --json
2026-08-16 04:22:22.728 [info] > hatch env show --json
2026-08-16 04:22:22.728 [info] cwd: .
2026-08-16 04:22:22.728 [info] > pyenv which python
2026-08-16 04:22:22.728 [info] cwd: .
2026-08-16 04:22:22.728 [info] Finished searching for global virtual envs: 17 milliseconds
2026-08-16 04:22:22.728 [info] Found: /bin/python --> /bin/python3.10
2026-08-16 04:22:22.728 [info] Found: /bin/python3 --> /bin/python3.10
2026-08-16 04:22:22.728 [info] Found: /bin/python3.10 --> /bin/python3.10
2026-08-16 04:22:22.728 [info] Found: /bin/python3.8 --> /bin/python3.8
2026-08-16 04:22:22.739 [info] Found: /usr/bin/python --> /usr/bin/python3.10
2026-08-16 04:22:22.740 [info] Found: /usr/bin/python3 --> /usr/bin/python3.10
2026-08-16 04:22:22.742 [info] Found: /usr/bin/python3.10 --> /usr/bin/python3.10
2026-08-16 04:22:22.744 [info] Found: /usr/bin/python3.8 --> /usr/bin/python3.8
2026-08-16 04:22:22.751 [info] > ./.venv/bin/python -I /usr/local/lib/code-server-4.103.2/lib/vscode/extensions/ms-python.python-2025.12.0/python_files/get_output_via_markers.py /usr/local/lib/code-server-4.103.2/lib/vscode/extensions/ms-python.python-2025.12.0/python_files/interpreterInfo.py
2026-08-16 04:22:22.783 [info] > /bin/python -I /usr/local/lib/code-server-4.103.2/lib/vscode/extensions/ms-python.python-2025.12.0/python_files/get_output_via_markers.py /usr/local/lib/code-server-4.103.2/lib/vscode/extensions/ms-python.python-2025.12.0/python_files/interpreterInfo.py
2026-08-16 04:22:22.792 [info] > /bin/python3.8 -I /usr/local/lib/code-server-4.103.2/lib/vscode/extensions/ms-python.python-2025.12.0/python_files/get_output_via_markers.py /usr/local/lib/code-server-4.103.2/lib/vscode/extensions/ms-python.python-2025.12.0/python_files/interpreterInfo.py
2026-08-16 04:22:22.799 [info] Finished searching for interpreters in posix paths locator: 122 milliseconds
2026-08-16 04:22:22.805 [info] Environments refresh paths discovered (event): 128 milliseconds
2026-08-16 04:22:22.805 [info] Environments refresh paths discovered: 128 milliseconds
2026-08-16 04:22:22.813 [info] > /usr/bin/python -I /usr/local/lib/code-server-4.103.2/lib/vscode/extensions/ms-python.python-2025.12.0/python_files/get_output_via_markers.py /usr/local/lib/code-server-4.103.2/lib/vscode/extensions/ms-python.python-2025.12.0/python_files/interpreterInfo.py
2026-08-16 04:22:22.818 [info] > /usr/bin/python3.8 -I /usr/local/lib/code-server-4.103.2/lib/vscode/extensions/ms-python.python-2025.12.0/python_files/get_output_via_markers.py /usr/local/lib/code-server-4.103.2/lib/vscode/extensions/ms-python.python-2025.12.0/python_files/interpreterInfo.py
2026-08-16 04:22:22.867 [info] Environments refresh finished (event): 190 milliseconds
2026-08-16 04:22:22.874 [info] Environment refresh took 197 milliseconds
2026-08-16 04:22:22.877 [info] Python interpreter path: ./.venv/bin/python
2026-08-16 04:22:24.202 [info] Starting Jedi language server for work.
2026-08-16 04:34:40.297 [info] Send text to terminal: source /voc/work/.venv/bin/activate
2026-08-16 05:44:40.664 [info] Discover tests for workspace name: work - uri: /voc/work/hello_llm copy.py
2026-08-16 05:44:42.615 [info] Discover tests for workspace name: work - uri: /voc/work/hello_llm copy.py
2026-08-16 08:03:44.280 [info] Telemetry level is off
2026-08-16 08:03:44.280 [info] Experiments are disabled, only manually opted experiments are active.
2026-08-16 08:03:44.280 [warning] Dir "/voc/work/.pixi/envs" is not watchable (directory does not exist)
2026-08-16 08:03:44.280 [info] Skipping ActivatedEnv Detection:  process.env.VSCODE_CLI !== '1'
2026-08-16 08:03:44.280 [info] > conda info --json
2026-08-16 08:03:44.280 [info] Python interpreter path: ./.venv/bin/python
2026-08-16 08:03:44.622 [info] > pyenv which python
2026-08-16 08:03:44.622 [info] cwd: .
2026-08-16 08:03:46.507 [info] Starting Jedi language server for work.
