2026-08-09 11:26:20.313 [info] [main] Log level: Info
2026-08-09 11:26:20.313 [info] [main] Validating found git in: "git"
2026-08-09 11:26:20.313 [info] [main] Using git "2.25.1" from "git"
2026-08-09 11:26:20.313 [info] [Model][doInitialScan] Initial repository scan started
2026-08-09 11:26:20.313 [info] > git rev-parse --show-toplevel [3ms]
2026-08-09 11:26:20.313 [info] fatal: not a git repository (or any parent up to mount point /voc)
Stopping at filesystem boundary (GIT_DISCOVERY_ACROSS_FILESYSTEM not set).
2026-08-09 11:26:20.313 [info] > git rev-parse --show-toplevel [5ms]
2026-08-09 11:26:20.313 [info] fatal: not a git repository (or any parent up to mount point /voc)
Stopping at filesystem boundary (GIT_DISCOVERY_ACROSS_FILESYSTEM not set).
2026-08-09 11:26:20.313 [info] > git rev-parse --show-toplevel [5ms]
2026-08-09 11:26:20.313 [info] fatal: not a git repository (or any parent up to mount point /voc)
Stopping at filesystem boundary (GIT_DISCOVERY_ACROSS_FILESYSTEM not set).
2026-08-09 11:26:20.313 [info] > git rev-parse --show-toplevel [5ms]
2026-08-09 11:26:20.313 [info] fatal: not a git repository (or any parent up to mount point /voc)
Stopping at filesystem boundary (GIT_DISCOVERY_ACROSS_FILESYSTEM not set).
2026-08-09 11:26:20.313 [info] > git rev-parse --show-toplevel [5ms]
2026-08-09 11:26:20.313 [info] fatal: not a git repository (or any parent up to mount point /voc)
Stopping at filesystem boundary (GIT_DISCOVERY_ACROSS_FILESYSTEM not set).
2026-08-09 11:26:20.313 [info] > git rev-parse --show-toplevel [5ms]
2026-08-09 11:26:20.313 [info] fatal: not a git repository (or any parent up to mount point /voc)
Stopping at filesystem boundary (GIT_DISCOVERY_ACROSS_FILESYSTEM not set).
2026-08-09 11:26:20.313 [info] > git rev-parse --show-toplevel [2ms]
2026-08-09 11:26:20.313 [info] fatal: not a git repository (or any parent up to mount point /voc)
Stopping at filesystem boundary (GIT_DISCOVERY_ACROSS_FILESYSTEM not set).
2026-08-09 11:26:20.313 [info] > git rev-parse --show-toplevel [3ms]
2026-08-09 11:26:20.313 [info] fatal: not a git repository (or any parent up to mount point /voc)
Stopping at filesystem boundary (GIT_DISCOVERY_ACROSS_FILESYSTEM not set).
2026-08-09 11:26:20.313 [info] [Model][doInitialScan] Initial repository scan completed - repositories (0), closed repositories (0), parent repositories (0), unsafe repositories (0)
2026-08-09 11:26:22.508 [info] > git rev-parse --show-toplevel [1ms]
2026-08-09 11:26:22.508 [info] fatal: not a git repository (or any parent up to mount point /voc)
Stopping at filesystem boundary (GIT_DISCOVERY_ACROSS_FILESYSTEM not set).
2026-08-09 11:26:27.792 [info] > git rev-parse --show-toplevel [3ms]
2026-08-09 11:26:27.794 [info] fatal: not a git repository (or any parent up to mount point /voc)
Stopping at filesystem boundary (GIT_DISCOVERY_ACROSS_FILESYSTEM not set).
2026-08-09 11:26:28.813 [info] > git rev-parse --show-toplevel [3ms]
2026-08-09 11:26:28.813 [info] fatal: not a git repository (or any parent up to mount point /voc)
Stopping at filesystem boundary (GIT_DISCOVERY_ACROSS_FILESYSTEM not set).
2026-08-09 11:26:29.253 [info] > git rev-parse --show-toplevel [2ms]
2026-08-09 11:26:29.253 [info] fatal: not a git repository (or any parent up to mount point /voc)
Stopping at filesystem boundary (GIT_DISCOVERY_ACROSS_FILESYSTEM not set).
2026-08-09 11:26:30.879 [info] > git rev-parse --show-toplevel [2ms]
2026-08-09 11:26:30.879 [info] fatal: not a git repository (or any parent up to mount point /voc)
Stopping at filesystem boundary (GIT_DISCOVERY_ACROSS_FILESYSTEM not set).
2026-08-09 11:29:18.128 [info] > git rev-parse --show-toplevel [5ms]
2026-08-09 11:29:18.130 [info] fatal: not a git repository (or any parent up to mount point /voc)
Stopping at filesystem boundary (GIT_DISCOVERY_ACROSS_FILESYSTEM not set).
