2026-08-15 07:09:27.181 [info] [main] Log level: Info
2026-08-15 07:09:27.181 [info] [main] Validating found git in: "git"
2026-08-15 07:09:27.181 [info] [main] Using git "2.25.1" from "git"
2026-08-15 07:09:27.181 [info] [Model][doInitialScan] Initial repository scan started
2026-08-15 07:09:27.181 [info] > git rev-parse --show-toplevel [3ms]
2026-08-15 07:09:27.181 [info] fatal: not a git repository (or any parent up to mount point /voc)
Stopping at filesystem boundary (GIT_DISCOVERY_ACROSS_FILESYSTEM not set).
2026-08-15 07:09:27.181 [info] > git rev-parse --show-toplevel [4ms]
2026-08-15 07:09:27.181 [info] fatal: not a git repository (or any parent up to mount point /voc)
Stopping at filesystem boundary (GIT_DISCOVERY_ACROSS_FILESYSTEM not set).
2026-08-15 07:09:27.181 [info] > git rev-parse --show-toplevel [5ms]
2026-08-15 07:09:27.185 [info] fatal: not a git repository (or any parent up to mount point /voc)
Stopping at filesystem boundary (GIT_DISCOVERY_ACROSS_FILESYSTEM not set).
2026-08-15 07:09:27.185 [info] > git rev-parse --show-toplevel [4ms]
2026-08-15 07:09:27.185 [info] fatal: not a git repository (or any parent up to mount point /voc)
Stopping at filesystem boundary (GIT_DISCOVERY_ACROSS_FILESYSTEM not set).
2026-08-15 07:09:27.185 [info] > git rev-parse --show-toplevel [4ms]
2026-08-15 07:09:27.185 [info] fatal: not a git repository (or any parent up to mount point /voc)
Stopping at filesystem boundary (GIT_DISCOVERY_ACROSS_FILESYSTEM not set).
2026-08-15 07:09:27.185 [info] > git rev-parse --show-toplevel [4ms]
2026-08-15 07:09:27.185 [info] fatal: not a git repository (or any parent up to mount point /voc)
Stopping at filesystem boundary (GIT_DISCOVERY_ACROSS_FILESYSTEM not set).
2026-08-15 07:09:27.185 [info] > git rev-parse --show-toplevel [4ms]
2026-08-15 07:09:27.185 [info] fatal: not a git repository (or any parent up to mount point /voc)
Stopping at filesystem boundary (GIT_DISCOVERY_ACROSS_FILESYSTEM not set).
2026-08-15 07:09:27.185 [info] > git rev-parse --show-toplevel [4ms]
2026-08-15 07:09:27.185 [info] fatal: not a git repository (or any parent up to mount point /voc)
Stopping at filesystem boundary (GIT_DISCOVERY_ACROSS_FILESYSTEM not set).
2026-08-15 07:09:27.185 [info] > git rev-parse --show-toplevel [4ms]
2026-08-15 07:09:27.185 [info] fatal: not a git repository (or any parent up to mount point /voc)
Stopping at filesystem boundary (GIT_DISCOVERY_ACROSS_FILESYSTEM not set).
2026-08-15 07:09:27.185 [info] > git rev-parse --show-toplevel [3ms]
2026-08-15 07:09:27.185 [info] fatal: not a git repository (or any parent up to mount point /voc)
Stopping at filesystem boundary (GIT_DISCOVERY_ACROSS_FILESYSTEM not set).
2026-08-15 07:09:27.185 [info] > git rev-parse --show-toplevel [3ms]
2026-08-15 07:09:27.185 [info] fatal: not a git repository (or any parent up to mount point /voc)
Stopping at filesystem boundary (GIT_DISCOVERY_ACROSS_FILESYSTEM not set).
2026-08-15 07:09:27.185 [info] [Model][doInitialScan] Initial repository scan completed - repositories (0), closed repositories (0), parent repositories (0), unsafe repositories (0)
2026-08-15 07:10:32.093 [info] > git rev-parse --show-toplevel [4ms]
2026-08-15 07:10:32.094 [info] fatal: not a git repository (or any parent up to mount point /voc)
Stopping at filesystem boundary (GIT_DISCOVERY_ACROSS_FILESYSTEM not set).
2026-08-15 07:10:33.197 [info] > git rev-parse --show-toplevel [3ms]
2026-08-15 07:10:33.197 [info] fatal: not a git repository (or any parent up to mount point /voc)
Stopping at filesystem boundary (GIT_DISCOVERY_ACROSS_FILESYSTEM not set).
2026-08-15 07:10:33.617 [info] > git rev-parse --show-toplevel [2ms]
2026-08-15 07:10:33.617 [info] fatal: not a git repository (or any parent up to mount point /voc)
Stopping at filesystem boundary (GIT_DISCOVERY_ACROSS_FILESYSTEM not set).
2026-08-15 07:10:35.260 [info] > git rev-parse --show-toplevel [2ms]
2026-08-15 07:10:35.260 [info] fatal: not a git repository (or any parent up to mount point /voc)
Stopping at filesystem boundary (GIT_DISCOVERY_ACROSS_FILESYSTEM not set).
2026-08-15 07:11:22.844 [info] > git rev-parse --show-toplevel [3ms]
2026-08-15 07:11:22.845 [info] fatal: not a git repository (or any parent up to mount point /voc)
Stopping at filesystem boundary (GIT_DISCOVERY_ACROSS_FILESYSTEM not set).
2026-08-15 07:11:49.500 [info] > git rev-parse --show-toplevel [3ms]
2026-08-15 07:11:49.500 [info] fatal: not a git repository (or any parent up to mount point /voc)
Stopping at filesystem boundary (GIT_DISCOVERY_ACROSS_FILESYSTEM not set).
2026-08-15 07:12:18.137 [info] > git rev-parse --show-toplevel [5ms]
2026-08-15 07:12:18.138 [info] fatal: not a git repository (or any parent up to mount point /voc)
Stopping at filesystem boundary (GIT_DISCOVERY_ACROSS_FILESYSTEM not set).
2026-08-15 07:12:26.302 [info] > git rev-parse --show-toplevel [3ms]
2026-08-15 07:12:26.302 [info] fatal: not a git repository (or any parent up to mount point /voc)
Stopping at filesystem boundary (GIT_DISCOVERY_ACROSS_FILESYSTEM not set).
2026-08-15 07:14:44.964 [info] > git rev-parse --show-toplevel [9ms]
2026-08-15 07:14:44.965 [info] fatal: not a git repository (or any parent up to mount point /voc)
Stopping at filesystem boundary (GIT_DISCOVERY_ACROSS_FILESYSTEM not set).
2026-08-15 07:14:50.084 [info] > git rev-parse --show-toplevel [9ms]
2026-08-15 07:14:50.084 [info] fatal: not a git repository (or any parent up to mount point /voc)
Stopping at filesystem boundary (GIT_DISCOVERY_ACROSS_FILESYSTEM not set).
2026-08-15 07:15:08.104 [info] > git rev-parse --show-toplevel [7ms]
2026-08-15 07:15:08.104 [info] fatal: not a git repository (or any parent up to mount point /voc)
Stopping at filesystem boundary (GIT_DISCOVERY_ACROSS_FILESYSTEM not set).
2026-08-15 07:15:19.941 [info] > git rev-parse --show-toplevel [9ms]
2026-08-15 07:15:19.941 [info] fatal: not a git repository (or any parent up to mount point /voc)
Stopping at filesystem boundary (GIT_DISCOVERY_ACROSS_FILESYSTEM not set).
2026-08-15 07:16:01.132 [info] > git rev-parse --show-toplevel [23ms]
2026-08-15 07:16:01.132 [info] fatal: not a git repository (or any parent up to mount point /voc)
Stopping at filesystem boundary (GIT_DISCOVERY_ACROSS_FILESYSTEM not set).
2026-08-15 07:16:01.889 [info] > git rev-parse --show-toplevel [9ms]
2026-08-15 07:16:01.889 [info] fatal: not a git repository (or any parent up to mount point /voc)
Stopping at filesystem boundary (GIT_DISCOVERY_ACROSS_FILESYSTEM not set).
2026-08-15 07:16:02.236 [info] > git rev-parse --show-toplevel [3ms]
2026-08-15 07:16:02.236 [info] fatal: not a git repository (or any parent up to mount point /voc)
Stopping at filesystem boundary (GIT_DISCOVERY_ACROSS_FILESYSTEM not set).
2026-08-15 07:16:10.329 [info] > git rev-parse --show-toplevel [10ms]
2026-08-15 07:16:10.329 [info] fatal: not a git repository (or any parent up to mount point /voc)
Stopping at filesystem boundary (GIT_DISCOVERY_ACROSS_FILESYSTEM not set).
2026-08-15 07:16:10.682 [info] > git rev-parse --show-toplevel [3ms]
2026-08-15 07:16:10.682 [info] fatal: not a git repository (or any parent up to mount point /voc)
Stopping at filesystem boundary (GIT_DISCOVERY_ACROSS_FILESYSTEM not set).
2026-08-15 07:16:11.537 [info] > git rev-parse --show-toplevel [3ms]
2026-08-15 07:16:11.537 [info] fatal: not a git repository (or any parent up to mount point /voc)
Stopping at filesystem boundary (GIT_DISCOVERY_ACROSS_FILESYSTEM not set).
2026-08-15 07:16:16.032 [info] > git rev-parse --show-toplevel [3ms]
2026-08-15 07:16:16.032 [info] fatal: not a git repository (or any parent up to mount point /voc)
Stopping at filesystem boundary (GIT_DISCOVERY_ACROSS_FILESYSTEM not set).
2026-08-15 07:16:23.091 [info] > git rev-parse --show-toplevel [3ms]
2026-08-15 07:16:23.091 [info] fatal: not a git repository (or any parent up to mount point /voc)
Stopping at filesystem boundary (GIT_DISCOVERY_ACROSS_FILESYSTEM not set).
2026-08-15 07:16:23.808 [info] > git rev-parse --show-toplevel [2ms]
2026-08-15 07:16:23.808 [info] fatal: not a git repository (or any parent up to mount point /voc)
Stopping at filesystem boundary (GIT_DISCOVERY_ACROSS_FILESYSTEM not set).
2026-08-15 07:20:35.562 [info] > git rev-parse --show-toplevel [3ms]
2026-08-15 07:20:35.562 [info] fatal: not a git repository (or any parent up to mount point /voc)
Stopping at filesystem boundary (GIT_DISCOVERY_ACROSS_FILESYSTEM not set).
2026-08-15 07:22:14.794 [info] > git rev-parse --show-toplevel [7ms]
2026-08-15 07:22:14.795 [info] fatal: not a git repository (or any parent up to mount point /voc)
Stopping at filesystem boundary (GIT_DISCOVERY_ACROSS_FILESYSTEM not set).
2026-08-15 07:23:34.638 [info] > git rev-parse --show-toplevel [11ms]
2026-08-15 07:23:34.639 [info] fatal: not a git repository (or any parent up to mount point /voc)
Stopping at filesystem boundary (GIT_DISCOVERY_ACROSS_FILESYSTEM not set).
2026-08-15 07:28:15.674 [info] > git rev-parse --show-toplevel [4ms]
2026-08-15 07:28:15.675 [info] fatal: not a git repository (or any parent up to mount point /voc)
Stopping at filesystem boundary (GIT_DISCOVERY_ACROSS_FILESYSTEM not set).
2026-08-15 07:30:21.986 [info] > git rev-parse --show-toplevel [4ms]
2026-08-15 07:30:21.987 [info] fatal: not a git repository (or any parent up to mount point /voc)
Stopping at filesystem boundary (GIT_DISCOVERY_ACROSS_FILESYSTEM not set).
2026-08-15 07:31:59.149 [info] > git rev-parse --show-toplevel [9ms]
2026-08-15 07:31:59.150 [info] fatal: not a git repository (or any parent up to mount point /voc)
Stopping at filesystem boundary (GIT_DISCOVERY_ACROSS_FILESYSTEM not set).
2026-08-15 07:32:01.592 [info] > git rev-parse --show-toplevel [14ms]
2026-08-15 07:32:01.592 [info] fatal: not a git repository (or any parent up to mount point /voc)
Stopping at filesystem boundary (GIT_DISCOVERY_ACROSS_FILESYSTEM not set).
2026-08-15 07:34:35.984 [info] > git rev-parse --show-toplevel [5ms]
2026-08-15 07:34:35.985 [info] fatal: not a git repository (or any parent up to mount point /voc)
Stopping at filesystem boundary (GIT_DISCOVERY_ACROSS_FILESYSTEM not set).
2026-08-15 07:43:32.860 [info] > git rev-parse --show-toplevel [3ms]
2026-08-15 07:43:32.860 [info] fatal: not a git repository (or any parent up to mount point /voc)
Stopping at filesystem boundary (GIT_DISCOVERY_ACROSS_FILESYSTEM not set).
2026-08-15 07:48:10.361 [info] > git rev-parse --show-toplevel [16ms]
2026-08-15 07:48:10.361 [info] fatal: not a git repository (or any parent up to mount point /voc)
Stopping at filesystem boundary (GIT_DISCOVERY_ACROSS_FILESYSTEM not set).
