2026-08-15 11:47:30.006 [info] [main] Log level: Info
2026-08-15 11:47:30.006 [info] [main] Validating found git in: "git"
2026-08-15 11:47:30.006 [info] [main] Using git "2.25.1" from "git"
2026-08-15 11:47:30.006 [info] [Model][doInitialScan] Initial repository scan started
2026-08-15 11:47:30.006 [info] > git rev-parse --show-toplevel [44ms]
2026-08-15 11:47:30.006 [info] fatal: not a git repository (or any parent up to mount point /voc)
Stopping at filesystem boundary (GIT_DISCOVERY_ACROSS_FILESYSTEM not set).
2026-08-15 11:47:30.006 [info] > git rev-parse --show-toplevel [10ms]
2026-08-15 11:47:30.006 [info] fatal: not a git repository (or any parent up to mount point /voc)
Stopping at filesystem boundary (GIT_DISCOVERY_ACROSS_FILESYSTEM not set).
2026-08-15 11:47:30.006 [info] > git rev-parse --show-toplevel [9ms]
2026-08-15 11:47:30.006 [info] fatal: not a git repository (or any parent up to mount point /voc)
Stopping at filesystem boundary (GIT_DISCOVERY_ACROSS_FILESYSTEM not set).
2026-08-15 11:47:30.006 [info] > git rev-parse --show-toplevel [7ms]
2026-08-15 11:47:30.006 [info] fatal: not a git repository (or any parent up to mount point /voc)
Stopping at filesystem boundary (GIT_DISCOVERY_ACROSS_FILESYSTEM not set).
2026-08-15 11:47:30.006 [info] > git rev-parse --show-toplevel [3ms]
2026-08-15 11:47:30.006 [info] fatal: not a git repository (or any parent up to mount point /voc)
Stopping at filesystem boundary (GIT_DISCOVERY_ACROSS_FILESYSTEM not set).
2026-08-15 11:47:30.006 [info] > git rev-parse --show-toplevel [10ms]
2026-08-15 11:47:30.006 [info] fatal: not a git repository (or any parent up to mount point /voc)
Stopping at filesystem boundary (GIT_DISCOVERY_ACROSS_FILESYSTEM not set).
2026-08-15 11:47:30.006 [info] > git rev-parse --show-toplevel [9ms]
2026-08-15 11:47:30.006 [info] fatal: not a git repository (or any parent up to mount point /voc)
Stopping at filesystem boundary (GIT_DISCOVERY_ACROSS_FILESYSTEM not set).
2026-08-15 11:47:30.006 [info] > git rev-parse --show-toplevel [7ms]
2026-08-15 11:47:30.006 [info] fatal: not a git repository (or any parent up to mount point /voc)
Stopping at filesystem boundary (GIT_DISCOVERY_ACROSS_FILESYSTEM not set).
2026-08-15 11:47:30.006 [info] > git rev-parse --show-toplevel [6ms]
2026-08-15 11:47:30.006 [info] fatal: not a git repository (or any parent up to mount point /voc)
Stopping at filesystem boundary (GIT_DISCOVERY_ACROSS_FILESYSTEM not set).
2026-08-15 11:47:30.006 [info] > git rev-parse --show-toplevel [3ms]
2026-08-15 11:47:30.006 [info] fatal: not a git repository (or any parent up to mount point /voc)
Stopping at filesystem boundary (GIT_DISCOVERY_ACROSS_FILESYSTEM not set).
2026-08-15 11:47:30.006 [info] > git rev-parse --show-toplevel [3ms]
2026-08-15 11:47:30.006 [info] fatal: not a git repository (or any parent up to mount point /voc)
Stopping at filesystem boundary (GIT_DISCOVERY_ACROSS_FILESYSTEM not set).
2026-08-15 11:47:30.006 [info] > git rev-parse --show-toplevel [3ms]
2026-08-15 11:47:30.006 [info] fatal: not a git repository (or any parent up to mount point /voc)
Stopping at filesystem boundary (GIT_DISCOVERY_ACROSS_FILESYSTEM not set).
2026-08-15 11:47:30.006 [info] [Model][doInitialScan] Initial repository scan completed - repositories (0), closed repositories (0), parent repositories (0), unsafe repositories (0)
2026-08-15 11:47:30.006 [info] > git rev-parse --show-toplevel [7ms]
2026-08-15 11:47:30.006 [info] fatal: not a git repository (or any parent up to mount point /voc)
Stopping at filesystem boundary (GIT_DISCOVERY_ACROSS_FILESYSTEM not set).
2026-08-15 11:47:42.361 [info] > git rev-parse --show-toplevel [2ms]
2026-08-15 11:47:42.362 [info] fatal: not a git repository (or any parent up to mount point /voc)
Stopping at filesystem boundary (GIT_DISCOVERY_ACROSS_FILESYSTEM not set).
2026-08-15 11:48:23.408 [info] > git rev-parse --show-toplevel [3ms]
2026-08-15 11:48:23.409 [info] fatal: not a git repository (or any parent up to mount point /voc)
Stopping at filesystem boundary (GIT_DISCOVERY_ACROSS_FILESYSTEM not set).
2026-08-15 11:48:23.423 [info] > git rev-parse --show-toplevel [12ms]
2026-08-15 11:48:23.423 [info] fatal: not a git repository (or any parent up to mount point /voc)
Stopping at filesystem boundary (GIT_DISCOVERY_ACROSS_FILESYSTEM not set).
2026-08-15 11:48:24.943 [info] > git rev-parse --show-toplevel [5ms]
2026-08-15 11:48:24.943 [info] fatal: not a git repository (or any parent up to mount point /voc)
Stopping at filesystem boundary (GIT_DISCOVERY_ACROSS_FILESYSTEM not set).
2026-08-15 11:49:14.375 [info] > git rev-parse --show-toplevel [3ms]
2026-08-15 11:49:14.375 [info] fatal: not a git repository (or any parent up to mount point /voc)
Stopping at filesystem boundary (GIT_DISCOVERY_ACROSS_FILESYSTEM not set).
2026-08-15 11:49:23.362 [info] > git rev-parse --show-toplevel [2ms]
2026-08-15 11:49:23.362 [info] fatal: not a git repository (or any parent up to mount point /voc)
Stopping at filesystem boundary (GIT_DISCOVERY_ACROSS_FILESYSTEM not set).
2026-08-15 11:52:42.485 [info] > git rev-parse --show-toplevel [2ms]
2026-08-15 11:52:42.486 [info] fatal: not a git repository (or any parent up to mount point /voc)
Stopping at filesystem boundary (GIT_DISCOVERY_ACROSS_FILESYSTEM not set).
2026-08-15 11:52:49.203 [info] > git rev-parse --show-toplevel [10ms]
2026-08-15 11:52:49.203 [info] fatal: not a git repository (or any parent up to mount point /voc)
Stopping at filesystem boundary (GIT_DISCOVERY_ACROSS_FILESYSTEM not set).
2026-08-15 11:52:50.194 [info] > git rev-parse --show-toplevel [64ms]
2026-08-15 11:52:50.194 [info] fatal: not a git repository (or any parent up to mount point /voc)
Stopping at filesystem boundary (GIT_DISCOVERY_ACROSS_FILESYSTEM not set).
2026-08-15 11:53:58.431 [info] > git rev-parse --show-toplevel [4ms]
2026-08-15 11:53:58.432 [info] fatal: not a git repository (or any parent up to mount point /voc)
Stopping at filesystem boundary (GIT_DISCOVERY_ACROSS_FILESYSTEM not set).
2026-08-15 11:54:01.111 [info] > git rev-parse --show-toplevel [2ms]
2026-08-15 11:54:01.111 [info] fatal: not a git repository (or any parent up to mount point /voc)
Stopping at filesystem boundary (GIT_DISCOVERY_ACROSS_FILESYSTEM not set).
2026-08-15 11:54:15.028 [info] > git rev-parse --show-toplevel [2ms]
2026-08-15 11:54:15.029 [info] fatal: not a git repository (or any parent up to mount point /voc)
Stopping at filesystem boundary (GIT_DISCOVERY_ACROSS_FILESYSTEM not set).
2026-08-15 11:55:06.557 [info] > git rev-parse --show-toplevel [4ms]
2026-08-15 11:55:06.557 [info] fatal: not a git repository (or any parent up to mount point /voc)
Stopping at filesystem boundary (GIT_DISCOVERY_ACROSS_FILESYSTEM not set).
2026-08-15 11:55:22.967 [info] > git rev-parse --show-toplevel [3ms]
2026-08-15 11:55:22.967 [info] fatal: not a git repository (or any parent up to mount point /voc)
Stopping at filesystem boundary (GIT_DISCOVERY_ACROSS_FILESYSTEM not set).
2026-08-15 11:56:20.905 [info] > git rev-parse --show-toplevel [3ms]
2026-08-15 11:56:20.905 [info] fatal: not a git repository (or any parent up to mount point /voc)
Stopping at filesystem boundary (GIT_DISCOVERY_ACROSS_FILESYSTEM not set).
2026-08-15 11:56:23.313 [info] > git rev-parse --show-toplevel [2ms]
2026-08-15 11:56:23.313 [info] fatal: not a git repository (or any parent up to mount point /voc)
Stopping at filesystem boundary (GIT_DISCOVERY_ACROSS_FILESYSTEM not set).
