2026-08-23 06:17:33.742 [info] Telemetry level is off
2026-08-23 06:17:33.743 [info] Experiments are disabled, only manually opted experiments are active.
2026-08-23 06:17:33.743 [warning] Dir "/voc/work/.pixi/envs" is not watchable (directory does not exist)
2026-08-23 06:17:33.743 [info] Starting Environment refresh
2026-08-23 06:17:33.743 [info] Searching for interpreters in posix paths locator
2026-08-23 06:17:33.743 [info] Searching for pyenv environments
2026-08-23 06:17:33.743 [info] Searching for conda environments
2026-08-23 06:17:33.743 [info] Searching for global virtual environments
2026-08-23 06:17:33.743 [info] Searching for custom virtual environments
2026-08-23 06:17:33.743 [info] Skipping ActivatedEnv Detection:  process.env.VSCODE_CLI !== '1'
2026-08-23 06:17:33.743 [info] Skipping ActivatedEnv Detection:  process.env.VSCODE_CLI !== '1'
2026-08-23 06:17:33.743 [info] pyenv is not installed
2026-08-23 06:17:33.746 [info] Finished searching for pyenv environments: 88 milliseconds
2026-08-23 06:17:33.746 [info] Finished searching for custom virtual envs: 88 milliseconds
2026-08-23 06:17:33.746 [info] > conda info --json
2026-08-23 06:17:33.746 [info] > hatch env show --json
2026-08-23 06:17:33.746 [info] cwd: .
2026-08-23 06:17:33.746 [info] > pyenv which python
2026-08-23 06:17:33.747 [info] cwd: .
2026-08-23 06:17:33.747 [info] Finished searching for global virtual envs: 119 milliseconds
2026-08-23 06:17:33.747 [info] Found: /bin/python --> /bin/python3.10
2026-08-23 06:17:33.747 [info] Found: /bin/python3 --> /bin/python3.10
2026-08-23 06:17:33.751 [info] Found: /bin/python3.10 --> /bin/python3.10
2026-08-23 06:17:33.754 [info] Found: /bin/python3.8 --> /bin/python3.8
2026-08-23 06:17:33.821 [info] Found: /usr/bin/python --> /usr/bin/python3.10
2026-08-23 06:17:33.821 [info] Found: /usr/bin/python3 --> /usr/bin/python3.10
2026-08-23 06:17:33.825 [info] Found: /usr/bin/python3.10 --> /usr/bin/python3.10
2026-08-23 06:17:33.826 [info] Found: /usr/bin/python3.8 --> /usr/bin/python3.8
2026-08-23 06:17:34.243 [info] > /bin/python -I /usr/local/lib/code-server-4.103.2/lib/vscode/extensions/ms-python.python-2025.12.0/python_files/get_output_via_markers.py /usr/local/lib/code-server-4.103.2/lib/vscode/extensions/ms-python.python-2025.12.0/python_files/interpreterInfo.py
2026-08-23 06:17:34.254 [info] > /bin/python3.8 -I /usr/local/lib/code-server-4.103.2/lib/vscode/extensions/ms-python.python-2025.12.0/python_files/get_output_via_markers.py /usr/local/lib/code-server-4.103.2/lib/vscode/extensions/ms-python.python-2025.12.0/python_files/interpreterInfo.py
2026-08-23 06:17:34.261 [info] Finished searching for interpreters in posix paths locator: 655 milliseconds
2026-08-23 06:17:34.268 [info] Environments refresh paths discovered (event): 662 milliseconds
2026-08-23 06:17:34.268 [info] Environments refresh paths discovered: 662 milliseconds
2026-08-23 06:17:34.488 [info] > /usr/bin/python -I /usr/local/lib/code-server-4.103.2/lib/vscode/extensions/ms-python.python-2025.12.0/python_files/get_output_via_markers.py /usr/local/lib/code-server-4.103.2/lib/vscode/extensions/ms-python.python-2025.12.0/python_files/interpreterInfo.py
2026-08-23 06:17:34.514 [info] > /usr/bin/python3.8 -I /usr/local/lib/code-server-4.103.2/lib/vscode/extensions/ms-python.python-2025.12.0/python_files/get_output_via_markers.py /usr/local/lib/code-server-4.103.2/lib/vscode/extensions/ms-python.python-2025.12.0/python_files/interpreterInfo.py
2026-08-23 06:17:36.286 [info] Environments refresh finished (event): 2680 milliseconds
2026-08-23 06:17:36.291 [info] Environment refresh took 2686 milliseconds
2026-08-23 06:17:36.294 [info] Python interpreter path: /bin/python
2026-08-23 06:17:39.155 [info] Starting Jedi language server for work.
2026-08-23 06:19:01.477 [info] Discover tests for workspace name: work - uri: /voc/work/pydantic_demo.py
2026-08-23 06:19:02.999 [info] Send text to terminal: /bin/python /voc/work/pydantic_demo.py
2026-08-23 06:20:05.530 [info] Discover tests for workspace name: work - uri: /voc/work/pydantic_demo.py
2026-08-23 06:20:06.771 [info] Discover tests for workspace name: work - uri: /voc/work/pydantic_demo.py
2026-08-23 06:21:51.178 [info] Discover tests for workspace name: work - uri: /voc/work/pydantic_demo.py
2026-08-23 06:21:52.399 [info] Discover tests for workspace name: work - uri: /voc/work/pydantic_demo.py
2026-08-23 06:25:46.812 [info] Discover tests for workspace name: work - uri: /voc/work/pydantic_demo.py
2026-08-23 06:25:50.930 [info] Discover tests for workspace name: work - uri: /voc/work/pydantic_demo.py
2026-08-23 06:25:57.032 [info] Discover tests for workspace name: work - uri: /voc/work/pydantic_demo.py
2026-08-23 06:26:00.722 [info] Discover tests for workspace name: work - uri: /voc/work/pydantic_demo.py
2026-08-23 06:26:03.211 [info] Discover tests for workspace name: work - uri: /voc/work/pydantic_demo.py
2026-08-23 06:26:05.459 [info] Discover tests for workspace name: work - uri: /voc/work/pydantic_demo.py
2026-08-23 06:26:23.551 [info] Discover tests for workspace name: work - uri: /voc/work/pydantic_demo.py
2026-08-23 06:26:26.960 [info] Discover tests for workspace name: work - uri: /voc/work/pydantic_demo.py
2026-08-23 06:26:31.888 [info] Discover tests for workspace name: work - uri: /voc/work/pydantic_demo.py
2026-08-23 06:27:09.717 [info] Discover tests for workspace name: work - uri: /voc/work/pydantic_demo.py
2026-08-23 06:27:12.784 [info] Discover tests for workspace name: work - uri: /voc/work/pydantic_demo.py
2026-08-23 06:27:19.390 [info] Discover tests for workspace name: work - uri: /voc/work/pydantic_demo.py
2026-08-23 06:27:22.388 [info] Discover tests for workspace name: work - uri: /voc/work/pydantic_demo.py
2026-08-23 06:27:25.830 [info] Discover tests for workspace name: work - uri: /voc/work/pydantic_demo.py
2026-08-23 06:27:28.980 [info] Discover tests for workspace name: work - uri: /voc/work/pydantic_demo.py
2026-08-23 06:27:34.191 [info] Discover tests for workspace name: work - uri: /voc/work/pydantic_demo.py
2026-08-23 06:27:35.861 [info] Discover tests for workspace name: work - uri: /voc/work/pydantic_demo.py
2026-08-23 06:27:38.762 [info] Discover tests for workspace name: work - uri: /voc/work/pydantic_demo.py
2026-08-23 06:27:45.329 [info] Discover tests for workspace name: work - uri: /voc/work/pydantic_demo.py
2026-08-23 06:28:18.803 [info] Discover tests for workspace name: work - uri: /voc/work/pydantic_demo.py
2026-08-23 06:28:22.000 [info] Discover tests for workspace name: work - uri: /voc/work/pydantic_demo.py
2026-08-23 06:28:34.066 [info] Discover tests for workspace name: work - uri: /voc/work/pydantic_demo.py
2026-08-23 06:28:36.279 [info] Discover tests for workspace name: work - uri: /voc/work/pydantic_demo.py
2026-08-23 06:29:09.453 [info] Discover tests for workspace name: work - uri: /voc/work/pydantic_demo.py
2026-08-23 06:29:16.593 [info] Discover tests for workspace name: work - uri: /voc/work/pydantic_demo.py
2026-08-23 06:29:22.038 [info] Discover tests for workspace name: work - uri: /voc/work/pydantic_demo.py
2026-08-23 06:29:24.252 [info] Discover tests for workspace name: work - uri: /voc/work/pydantic_demo.py
2026-08-23 06:29:30.970 [info] Discover tests for workspace name: work - uri: /voc/work/pydantic_demo.py
2026-08-23 06:29:39.322 [info] Discover tests for workspace name: work - uri: /voc/work/pydantic_demo.py
2026-08-23 06:29:44.001 [info] Discover tests for workspace name: work - uri: /voc/work/pydantic_demo.py
2026-08-23 06:29:45.227 [info] Discover tests for workspace name: work - uri: /voc/work/pydantic_demo.py
2026-08-23 06:30:05.271 [info] Discover tests for workspace name: work - uri: /voc/work/pydantic_demo.py
2026-08-23 06:30:06.537 [info] Discover tests for workspace name: work - uri: /voc/work/pydantic_demo.py
2026-08-23 06:37:19.109 [info] Discover tests for workspace name: work - uri: /voc/work/pipeline_starter copy.py
2026-08-23 06:37:24.347 [info] Discover tests for workspace name: work - uri: /voc/work/pipeline_starter copy.py
2026-08-23 06:37:26.840 [info] Discover tests for workspace name: work - uri: /voc/work/pipeline_starter copy.py
2026-08-23 06:37:28.671 [info] Discover tests for workspace name: work - uri: /voc/work/pipeline_starter copy.py
2026-08-23 06:37:30.127 [info] Discover tests for workspace name: work - uri: /voc/work/pipeline_starter copy.py
2026-08-23 06:37:33.188 [info] Discover tests for workspace name: work - uri: /voc/work/pipeline_starter copy.py
2026-08-23 06:37:35.643 [info] Discover tests for workspace name: work - uri: /voc/work/pipeline_starter copy.py
2026-08-23 06:37:37.538 [info] Discover tests for workspace name: work - uri: /voc/work/pipeline_starter copy.py
2026-08-23 06:37:41.067 [info] Discover tests for workspace name: work - uri: /voc/work/pipeline_starter copy.py
2026-08-23 06:37:47.069 [info] Discover tests for workspace name: work - uri: /voc/work/pipeline_starter copy.py
2026-08-23 06:37:49.246 [info] Discover tests for workspace name: work - uri: /voc/work/pipeline_starter copy.py
2026-08-23 06:37:58.981 [info] Discover tests for workspace name: work - uri: /voc/work/pipeline_starter copy.py
2026-08-23 06:38:02.725 [info] Discover tests for workspace name: work - uri: /voc/work/pipeline_starter copy.py
2026-08-23 06:38:05.734 [info] Discover tests for workspace name: work - uri: /voc/work/pipeline_starter copy.py
2026-08-23 06:38:07.478 [info] Discover tests for workspace name: work - uri: /voc/work/pipeline_starter copy.py
2026-08-23 06:38:11.123 [info] Discover tests for workspace name: work - uri: /voc/work/pipeline_starter copy.py
2026-08-23 06:38:37.560 [info] Discover tests for workspace name: work - uri: /voc/work/pipeline_starter copy.py
2026-08-23 06:38:40.861 [info] Discover tests for workspace name: work - uri: /voc/work/pipeline_starter copy.py
2026-08-23 06:38:42.363 [info] Discover tests for workspace name: work - uri: /voc/work/pipeline_starter copy.py
2026-08-23 06:38:48.241 [info] Discover tests for workspace name: work - uri: /voc/work/pipeline_starter copy.py
2026-08-23 06:38:50.185 [info] Discover tests for workspace name: work - uri: /voc/work/pipeline_starter copy.py
2026-08-23 06:38:51.504 [info] Discover tests for workspace name: work - uri: /voc/work/pipeline_starter copy.py
2026-08-23 06:38:56.649 [info] Discover tests for workspace name: work - uri: /voc/work/pipeline_starter copy.py
2026-08-23 06:39:01.148 [info] Discover tests for workspace name: work - uri: /voc/work/pipeline_starter copy.py
2026-08-23 06:39:12.664 [info] Discover tests for workspace name: work - uri: /voc/work/pipeline_starter copy.py
2026-08-23 06:39:18.009 [info] Discover tests for workspace name: work - uri: /voc/work/pipeline_starter copy.py
2026-08-23 06:39:46.689 [info] Discover tests for workspace name: work - uri: /voc/work/pipeline_starter copy.py
2026-08-23 06:40:41.997 [info] Discover tests for workspace name: work - uri: /voc/work/pipeline_starter copy.py
2026-08-23 06:40:58.167 [info] Discover tests for workspace name: work - uri: /voc/work/pipeline_starter copy.py
2026-08-23 06:41:01.639 [info] Discover tests for workspace name: work - uri: /voc/work/pipeline_starter copy.py
2026-08-23 06:41:04.596 [info] Discover tests for workspace name: work - uri: /voc/work/pipeline_starter copy.py
2026-08-23 06:41:07.952 [info] Discover tests for workspace name: work - uri: /voc/work/pipeline_starter copy.py
2026-08-23 06:41:12.435 [info] Discover tests for workspace name: work - uri: /voc/work/pipeline_starter copy.py
2026-08-23 06:41:16.969 [info] Discover tests for workspace name: work - uri: /voc/work/pipeline_starter copy.py
2026-08-23 06:41:22.063 [info] Discover tests for workspace name: work - uri: /voc/work/pipeline_starter copy.py
2026-08-23 06:41:23.771 [info] Discover tests for workspace name: work - uri: /voc/work/pipeline_starter copy.py
2026-08-23 06:41:25.879 [info] Discover tests for workspace name: work - uri: /voc/work/pipeline_starter copy.py
2026-08-23 06:41:27.851 [info] Discover tests for workspace name: work - uri: /voc/work/pipeline_starter copy.py
2026-08-23 06:41:31.635 [info] Discover tests for workspace name: work - uri: /voc/work/pipeline_starter copy.py
2026-08-23 06:41:35.746 [info] Discover tests for workspace name: work - uri: /voc/work/pipeline_starter copy.py
2026-08-23 06:41:38.947 [info] Discover tests for workspace name: work - uri: /voc/work/pipeline_starter copy.py
2026-08-23 06:46:20.468 [info] Discover tests for workspace name: work - uri: /voc/work/fake_llm.py
